#
# There is insufficient memory for the Java Runtime Environment to continue.
# Native memory allocation (mmap) failed to map 260046848 bytes. Error detail: G1 virtual space
# Possible reasons:
#   The system is out of physical RAM or swap space
#   This process is running with CompressedOops enabled, and the Java Heap may be blocking the growth of the native heap
# Possible solutions:
#   Reduce memory load on the system
#   Increase physical memory or swap space
#   Check if swap backing store is full
#   Decrease Java heap size (-Xmx/-Xms)
#   Decrease number of Java threads
#   Decrease Java thread stack sizes (-Xss)
#   Set larger code cache with -XX:ReservedCodeCacheSize=
#   JVM is running with Zero Based Compressed Oops mode in which the Java heap is
#     placed in the first 32GB address space. The Java Heap base address is the
#     maximum limit for the native heap growth. Please use -XX:HeapBaseMinAddress
#     to set the Java Heap base and to place the Java Heap above 32GB virtual address.
# This output file may be truncated or incomplete.
#
#  Out of Memory Error (os_windows.cpp:3618), pid=4168, tid=8628
#
# JRE version:  (17.0.18+8) (build )
# Java VM: OpenJDK 64-Bit Server VM (17.0.18+8, mixed mode, emulated-client, sharing, tiered, compressed oops, compressed class ptrs, g1 gc, windows-amd64)
# No core dump will be written. Minidumps are not enabled by default on client versions of Windows
#

---------------  S U M M A R Y ------------

Command Line: -XX:TieredStopAtLevel=1 -Dspring.output.ansi.enabled=always -Dcom.sun.management.jmxremote -Dspring.jmx.enabled=true -Dspring.liveBeansView.mbeanDomain -Dspring.application.admin.enabled=true -Dmanagement.endpoints.jmx.exposure.include=* -javaagent:C:\Program Files\JetBrains\IntelliJ IDEA 2025.3.1\lib\idea_rt.jar=14889 -Dfile.encoding=UTF-8 com.aibe.team2.AibeApplication

Host: AMD Ryzen 7 5700U with Radeon Graphics         , 16 cores, 15G,  Windows 11 , 64 bit Build 26100 (10.0.26100.7920)
Time: Wed Mar 11 10:57:44 2026  Windows 11 , 64 bit Build 26100 (10.0.26100.7920) elapsed time: 1.200723 seconds (0d 0h 0m 1s)

---------------  T H R E A D  ---------------

Current thread (0x000001e5df7b9fd0):  JavaThread "Unknown thread" [_thread_in_vm, id=8628, stack(0x000000cefcf00000,0x000000cefd000000)]

Stack: [0x000000cefcf00000,0x000000cefd000000]
Native frames: (J=compiled Java code, j=interpreted, Vv=VM code, C=native code)
V  [jvm.dll+0x6846f9]
V  [jvm.dll+0x839ea5]
V  [jvm.dll+0x83b91e]
V  [jvm.dll+0x83bfa3]
V  [jvm.dll+0x248eff]
V  [jvm.dll+0x6814b9]
V  [jvm.dll+0x6762ba]
V  [jvm.dll+0x309257]
V  [jvm.dll+0x310826]
V  [jvm.dll+0x360d9e]
V  [jvm.dll+0x360fdd]
V  [jvm.dll+0x2e02dc]
V  [jvm.dll+0x2e11e8]
V  [jvm.dll+0x80cd6b]
V  [jvm.dll+0x36ea21]
V  [jvm.dll+0x7eb945]
V  [jvm.dll+0x3f462b]
V  [jvm.dll+0x3f6111]
C  [jli.dll+0x52d0]
C  [ucrtbase.dll+0x37b0]
C  [KERNEL32.DLL+0x2e8d7]
C  [ntdll.dll+0x8c48c]


---------------  P R O C E S S  ---------------

Threads class SMR info:
_java_thread_list=0x00007ffc0b067f58, length=0, elements={
}

Java Threads: ( => current thread )

Other Threads:
  0x000001e5df8268e0 GCTaskThread "GC Thread#0" [stack: 0x000000cefd000000,0x000000cefd100000] [id=7832]
  0x000001e5df838d80 ConcurrentGCThread "G1 Main Marker" [stack: 0x000000cefd100000,0x000000cefd200000] [id=10548]
  0x000001e5df83b380 ConcurrentGCThread "G1 Conc#0" [stack: 0x000000cefd200000,0x000000cefd300000] [id=10428]

[error occurred during error reporting (printing all threads), id 0xc0000005, EXCEPTION_ACCESS_VIOLATION (0xc0000005) at pc=0x00007ffc0a820e07]

VM state: not at safepoint (not fully initialized)

VM Mutex/Monitor currently owned by a thread:  ([mutex/lock_event])
[0x000001e5df7b78c0] Heap_lock - owner thread: 0x000001e5df7b9fd0

Heap address: 0x0000000709c00000, size: 3940 MB, Compressed Oops mode: Zero based, Oop shift amount: 3

CDS archive(s) mapped at: [0x0000000000000000-0x0000000000000000-0x0000000000000000), size 0, SharedBaseAddress: 0x0000000800000000, ArchiveRelocationMode: 1.
Narrow klass base: 0x0000000000000000, Narrow klass shift: 0, Narrow klass range: 0x0

GC Precious Log:
<Empty>

Heap:
 garbage-first heap   total 0K, used 0K [0x0000000709c00000, 0x0000000800000000)
  region size 2048K, 0 young (0K), 0 survivors (0K)

[error occurred during error reporting (printing heap information), id 0xc0000005, EXCEPTION_ACCESS_VIOLATION (0xc0000005) at pc=0x00007ffc0ac0dd09]

GC Heap History (0 events):
No events

Dll operation events (1 events):
Event: 0.015 Loaded shared library C:\Users\dlrgu\.jdks\temurin-17.0.18\bin\java.dll

Deoptimization events (0 events):
No events

Classes loaded (0 events):
No events

Classes unloaded (0 events):
No events

Classes redefined (0 events):
No events

Internal exceptions (0 events):
No events

VM Operations (0 events):
No events

Memory protections (0 events):
No events

Nmethod flushes (0 events):
No events

Events (0 events):
No events


Dynamic libraries:
0x00007ff7fc840000 - 0x00007ff7fc84e000 	C:\Users\dlrgu\.jdks\temurin-17.0.18\bin\java.exe
0x00007ffc76260000 - 0x00007ffc764c7000 	C:\WINDOWS\SYSTEM32\ntdll.dll
0x00007ffc74c80000 - 0x00007ffc74d49000 	C:\WINDOWS\System32\KERNEL32.DLL
0x00007ffc732d0000 - 0x00007ffc736c1000 	C:\WINDOWS\System32\KERNELBASE.dll
0x00007ffc72d30000 - 0x00007ffc72e7b000 	C:\WINDOWS\System32\ucrtbase.dll
0x00007ffc70100000 - 0x00007ffc7011e000 	C:\Users\dlrgu\.jdks\temurin-17.0.18\bin\VCRUNTIME140.dll
0x00007ffc6ce80000 - 0x00007ffc6ce98000 	C:\Users\dlrgu\.jdks\temurin-17.0.18\bin\jli.dll
0x00007ffc75a10000 - 0x00007ffc75bd5000 	C:\WINDOWS\System32\USER32.dll
0x00007ffc72fb0000 - 0x00007ffc72fd7000 	C:\WINDOWS\System32\win32u.dll
0x00007ffc62ef0000 - 0x00007ffc63183000 	C:\WINDOWS\WinSxS\amd64_microsoft.windows.common-controls_6595b64144ccf1df_6.0.26100.7922_none_3e089e1ee3342171\COMCTL32.dll
0x00007ffc75830000 - 0x00007ffc7585b000 	C:\WINDOWS\System32\GDI32.dll
0x00007ffc74160000 - 0x00007ffc74209000 	C:\WINDOWS\System32\msvcrt.dll
0x00007ffc72e80000 - 0x00007ffc72faa000 	C:\WINDOWS\System32\gdi32full.dll
0x00007ffc72b40000 - 0x00007ffc72be3000 	C:\WINDOWS\System32\msvcp_win.dll
0x00007ffc75ef0000 - 0x00007ffc75f21000 	C:\WINDOWS\System32\IMM32.DLL
0x00007ffc700f0000 - 0x00007ffc700fc000 	C:\Users\dlrgu\.jdks\temurin-17.0.18\bin\vcruntime140_1.dll
0x00007ffc63ef0000 - 0x00007ffc63f7d000 	C:\Users\dlrgu\.jdks\temurin-17.0.18\bin\msvcp140.dll
0x00007ffc0a530000 - 0x00007ffc0b19b000 	C:\Users\dlrgu\.jdks\temurin-17.0.18\bin\server\jvm.dll
0x00007ffc75770000 - 0x00007ffc7582b000 	C:\WINDOWS\System32\ADVAPI32.dll
0x00007ffc742a0000 - 0x00007ffc74347000 	C:\WINDOWS\System32\sechost.dll
0x00007ffc75dd0000 - 0x00007ffc75ee8000 	C:\WINDOWS\System32\RPCRT4.dll
0x00007ffc74350000 - 0x00007ffc743c4000 	C:\WINDOWS\System32\WS2_32.dll
0x00007ffc729a0000 - 0x00007ffc729fe000 	C:\WINDOWS\SYSTEM32\POWRPROF.dll
0x00007ffc6c360000 - 0x00007ffc6c395000 	C:\WINDOWS\SYSTEM32\WINMM.dll
0x00007ffc6c3a0000 - 0x00007ffc6c3ab000 	C:\WINDOWS\SYSTEM32\VERSION.dll
0x00007ffc72980000 - 0x00007ffc72994000 	C:\WINDOWS\SYSTEM32\UMPDC.dll
0x00007ffc71760000 - 0x00007ffc7177b000 	C:\WINDOWS\SYSTEM32\kernel.appcore.dll
0x00007ffc6ce70000 - 0x00007ffc6ce7a000 	C:\Users\dlrgu\.jdks\temurin-17.0.18\bin\jimage.dll
0x00007ffc68a60000 - 0x00007ffc68ca2000 	C:\WINDOWS\SYSTEM32\DBGHELP.DLL
0x00007ffc743d0000 - 0x00007ffc74752000 	C:\WINDOWS\System32\combase.dll
0x00007ffc75be0000 - 0x00007ffc75cb7000 	C:\WINDOWS\System32\OLEAUT32.dll
0x00007ffc60820000 - 0x00007ffc6085b000 	C:\WINDOWS\SYSTEM32\dbgcore.DLL
0x00007ffc72bf0000 - 0x00007ffc72c95000 	C:\WINDOWS\System32\bcryptPrimitives.dll
0x00007ffc6ce60000 - 0x00007ffc6ce6e000 	C:\Users\dlrgu\.jdks\temurin-17.0.18\bin\instrument.dll
0x00007ffc63ec0000 - 0x00007ffc63ee5000 	C:\Users\dlrgu\.jdks\temurin-17.0.18\bin\java.dll

dbghelp: loaded successfully - version: 4.0.5 - missing functions: none
symbol engine: initialized successfully - sym options: 0x614 - pdb path: .;C:\Users\dlrgu\.jdks\temurin-17.0.18\bin;C:\WINDOWS\SYSTEM32;C:\WINDOWS\WinSxS\amd64_microsoft.windows.common-controls_6595b64144ccf1df_6.0.26100.7922_none_3e089e1ee3342171;C:\Users\dlrgu\.jdks\temurin-17.0.18\bin\server

VM Arguments:
jvm_args: -XX:TieredStopAtLevel=1 -Dspring.output.ansi.enabled=always -Dcom.sun.management.jmxremote -Dspring.jmx.enabled=true -Dspring.liveBeansView.mbeanDomain -Dspring.application.admin.enabled=true -Dmanagement.endpoints.jmx.exposure.include=* -javaagent:C:\Program Files\JetBrains\IntelliJ IDEA 2025.3.1\lib\idea_rt.jar=14889 -Dfile.encoding=UTF-8 
java_command: com.aibe.team2.AibeApplication
java_class_path (initial): C:\AIBE4_FinalProject_Team2_BE\build\classes\java\main;C:\AIBE4_FinalProject_Team2_BE\build\resources\main;C:\Users\dlrgu\.gradle\caches\modules-2\files-2.1\org.projectlombok\lombok\1.18.30\f195ee86e6c896ea47a1d39defbe20eb59cd149d\lombok-1.18.30.jar;C:\Users\dlrgu\.gradle\caches\modules-2\files-2.1\com.querydsl\querydsl-apt\5.0.0\d48657412f2b96d787bbe5ae393e33815c94b4d0\querydsl-apt-5.0.0-jakarta.jar;C:\Users\dlrgu\.gradle\caches\modules-2\files-2.1\org.springframework.boot\spring-boot-starter-web\3.2.2\b89d213d9f49c3e6247b2503ac7d94b0ac8260f6\spring-boot-starter-web-3.2.2.jar;C:\Users\dlrgu\.gradle\caches\modules-2\files-2.1\org.springframework.boot\spring-boot-starter-validation\3.2.2\faedd363ffbafde6a23bc7183ce79de11a96e780\spring-boot-starter-validation-3.2.2.jar;C:\Users\dlrgu\.gradle\caches\modules-2\files-2.1\org.redisson\redisson-spring-boot-starter\3.27.0\1c3f94e6361a850911613fbb44505a8a1970b048\redisson-spring-boot-starter-3.27.0.jar;C:\Users\dlrgu\.gradle\caches\modules-2\files-2.1\org.springframework.boot\spring-boot-starter-data-redis\3.2.2\ca7f96424555a041f83d9c6a62b67a4179c77d37\spring-boot-starter-data-redis-3.2.2.jar;C:\Users\dlrgu\.gradle\caches\modules-2\files-2.1\org.springframework.boot\spring-boot-starter-data-jpa\3.2.2\65cf3aad09f0218b7dfab849c9b0350d0a9e0d81\spring-boot-starter-data-jpa-3.2.2.jar;C:\Users\dlrgu\.gradle\caches\modules-2\files-2.1\org.springframework.boot\spring-boot-starter-aop\3.2.2\f01ecef0ce5f8d5631890a0c456a88a72323b569\spring-boot-starter-aop-3.2.2.jar;C:\Users\dlrgu\.gradle\caches\modules-2\files-2.1\org.springframework.boot\spring-boot-starter-oauth2-client\3.2.2\cce33514a28968b4f6203cdcce700192d19b1ef0\spring-boot-starter-oauth2-client-3.2.2.jar;C:\Users\dlrgu\.gradle\caches\modules-2\files-2.1\org.springframework.boot\spring-boot-starter-security\3.2.2\79676d6fe68878890e26be10ecab126f472d7c0f\spring-boot-starter-security-3.2.2.jar;C:\Users\dlrgu\.gradle\caches\modules-2\files-2.1\org.sprin
Launcher Type: SUN_STANDARD

[Global flags]
     intx CICompilerCount                          = 12                                        {product} {ergonomic}
     uint ConcGCThreads                            = 3                                         {product} {ergonomic}
     uint G1ConcRefinementThreads                  = 13                                        {product} {ergonomic}
   size_t G1HeapRegionSize                         = 2097152                                   {product} {ergonomic}
    uintx GCDrainStackTargetSize                   = 64                                        {product} {ergonomic}
   size_t InitialHeapSize                          = 260046848                                 {product} {ergonomic}
     bool ManagementServer                         = true                                      {product} {command line}
   size_t MarkStackSize                            = 4194304                                   {product} {ergonomic}
   size_t MaxHeapSize                              = 4131389440                                {product} {ergonomic}
   size_t MinHeapDeltaBytes                        = 2097152                                   {product} {ergonomic}
   size_t MinHeapSize                              = 8388608                                   {product} {ergonomic}
    uintx NonProfiledCodeHeapSize                  = 0                                      {pd product} {ergonomic}
     bool ProfileInterpreter                       = false                                  {pd product} {command line}
    uintx ProfiledCodeHeapSize                     = 0                                      {pd product} {ergonomic}
   size_t SoftMaxHeapSize                          = 4131389440                             {manageable} {ergonomic}
     intx TieredStopAtLevel                        = 1                                         {product} {command line}
     bool UseCompressedClassPointers               = true                           {product lp64_product} {ergonomic}
     bool UseCompressedOops                        = true                           {product lp64_product} {ergonomic}
     bool UseG1GC                                  = true                                      {product} {ergonomic}
     bool UseLargePagesIndividualAllocation        = false                                  {pd product} {ergonomic}

Logging:
Log output configuration:
 #0: stdout all=warning uptime,level,tags
 #1: stderr all=off uptime,level,tags

Environment Variables:
JAVA_HOME=C:\Users\dlrgu\.jdks\temurin-17.0.17-1
PATH=C:\WINDOWS\system32;C:\WINDOWS;C:\WINDOWS\System32\Wbem;C:\WINDOWS\System32\WindowsPowerShell\v1.0\;C:\WINDOWS\System32\OpenSSH\;C:\Program Files\Bandizip\;C:\Program Files\dotnet\;C:\Program Files\Microsoft VS Code\bin;C:\Program Files\Git\cmd;d:\Documents\luarocks-3.11.1-win32\win32\lua5.1\bin;d:\Documents\luarocks-3.11.1-windows-64;C:\Program Files\nodejs\;C:\Users\dlrgu\.jdks\azul-17.0.16\bin;C:\Users\dlrgu\.jdks\temurin-17.0.17-1\bin;C:\Program Files\Rancher Desktop\resources\resources\win32\bin\;C:\Program Files\Rancher Desktop\resources\resources\win32\docker-cli-plugins\;C:\Program Files\Rancher Desktop\resources\resources\linux\bin\;C:\Program Files\Rancher Desktop\resources\resources\linux\docker-cli-plugins\;C:\Users\dlrgu\AppData\Local\Microsoft\WindowsApps;C:\Users\dlrgu\AppData\Roaming\npm
USERNAME=dlrgu
OS=Windows_NT
PROCESSOR_IDENTIFIER=AMD64 Family 23 Model 104 Stepping 1, AuthenticAMD
TMP=C:\Users\dlrgu\AppData\Local\Temp
TEMP=C:\Users\dlrgu\AppData\Local\Temp



Periodic native trim disabled


---------------  S Y S T E M  ---------------

OS:
 Windows 11 , 64 bit Build 26100 (10.0.26100.7920)
OS uptime: 0 days 0:34 hours
Hyper-V role detected

CPU: total 16 (initial active 16) (16 cores per cpu, 2 threads per core) family 23 model 104 stepping 1 microcode 0x8608103, cx8, cmov, fxsr, ht, mmx, 3dnowpref, sse, sse2, sse3, ssse3, sse4a, sse4.1, sse4.2, popcnt, lzcnt, tsc, tscinvbit, avx, avx2, aes, clmul, bmi1, bmi2, adx, sha, fma, vzeroupper, clflush, clflushopt, hv
Processor Information for all 16 processors :
  Max Mhz: 1801, Current Mhz: 1801, Mhz Limit: 1801

Memory: 4k page, system-wide physical 15754M (1343M free)
TotalPageFile size 15754M (AvailPageFile size 199M)
current process WorkingSet (physical memory assigned to process): 13M, peak: 13M
current process commit charge ("private bytes"): 66M, peak: 314M

vm_info: OpenJDK 64-Bit Server VM (17.0.18+8) for windows-amd64 JRE (17.0.18+8), built on Jan 20 2026 22:28:22 by "admin" with MS VC++ 17.12 (VS2022)

END.
